
> eventplatform-frontend@0.1.0 build
> next build

   Γû▓ Next.js 15.3.6
   - Environments: .env.local

   Creating an optimized production build ...
 Γ£ô Compiled successfully in 23.0s
   Skipping validation of types
   Skipping linting
   Collecting page data ...
node.exe : Error: `cookies` was called outside a request scope. Read 
more: https://nextjs.org/docs/messages/next-dynamic-api-wrong-context
At C:\Program Files\nodejs\npm.ps1:29 char:3
+   & $NODE_EXE $NPM_CLI_JS $args
+   ~~~~~~~~~~~~~~~~~~~~~~~~~~~~~
    + CategoryInfo          : NotSpecified: (Error: `cookies...i-wron 
   g-context:String) [], RemoteException
    + FullyQualifiedErrorId : NativeCommandError
 
    at d (C:\Users\HP\Documents\GitHub\New folder\navigation\blog-full
stack-\frontend\.next\server\chunks\8482.js:24:81252)
    at n (C:\Users\HP\Documents\GitHub\New folder\navigation\blog-full
stack-\frontend\.next\server\app\api\tickets\transfer\route.js:1:160)
    at o (C:\Users\HP\Documents\GitHub\New folder\navigation\blog-full
stack-\frontend\.next\server\app\(public)\categories\[category]\page.j
s:1:14011)
    at Object.b [as generateStaticParams] 
(C:\Users\HP\Documents\GitHub\New folder\navigation\blog-fullstack-\fr
ontend\.next\server\app\(public)\categories\[category]\page.js:1:3431)

> Build error occurred
[Error: Failed to collect page data for /categories/[category]] {
  type: 'Error'
}
